C51 COMPILER V9.60.0.0   INIT                                                              11/11/2023 11:43:49 PAGE 1   


C51 COMPILER V9.60.0.0, COMPILATION OF MODULE INIT
OBJECT MODULE PLACED IN .\Objects\Init.obj
COMPILER INVOKED BY: C:\Keil_v5\C51\BIN\C51.EXE ..\Driver\Init.c OPTIMIZE(8,SPEED) BROWSE INCDIR(..\Driver) DEBUG OBJECT
                    -EXTEND PRINT(.\Listings\Init.lst) TABS(2) OBJECT(.\Objects\Init.obj)

line level    source

   1          #include <INIT.h>
   2          
   3          void Sys_Init() 
   4          {
   5   1        // ¹Ø±ÕLEDµÆ
   6   1        P0 = 0xFF;
   7   1        P2 = P2 & 0x1F | 0x80;
   8   1        P2 &= 0x1F;
   9   1        
  10   1        // ¹Ø±Õ·äÃùÆ÷ºÍ¼ÌµçÆ÷
  11   1        P0 = 0x00;
  12   1        P2 = P2 & 0x1F | 0xA0;
  13   1        P2 &= 0x1F;
  14   1      }


MODULE INFORMATION:   STATIC OVERLAYABLE
   CODE SIZE        =     29    ----
   CONSTANT SIZE    =   ----    ----
   XDATA SIZE       =   ----    ----
   PDATA SIZE       =   ----    ----
   DATA SIZE        =   ----    ----
   IDATA SIZE       =   ----    ----
   BIT SIZE         =   ----    ----
END OF MODULE INFORMATION.


C51 COMPILATION COMPLETE.  0 WARNING(S),  0 ERROR(S)
