C51 COMPILER V9.60.0.0   LED                                                               11/11/2023 11:43:49 PAGE 1   


C51 COMPILER V9.60.0.0, COMPILATION OF MODULE LED
OBJECT MODULE PLACED IN .\Objects\Led.obj
COMPILER INVOKED BY: C:\Keil_v5\C51\BIN\C51.EXE ..\Driver\Led.c OPTIMIZE(8,SPEED) BROWSE INCDIR(..\Driver) DEBUG OBJECTE
                    -XTEND PRINT(.\Listings\Led.lst) TABS(2) OBJECT(.\Objects\Led.obj)

line level    source

   1          #include <LED.H>
   2          
   3          void Led_Disp(unsigned char pos, enable) 
   4          {
   5   1        static unsigned char tmp = 0x00;
   6   1        static unsigned char tmp_old = 0xFF;
   7   1        
   8   1        if (enable) tmp |= 0x01 << pos;
   9   1        else tmp &= ~(0x01 << pos);
  10   1        
  11   1        // 产生数据刷新
  12   1        if (tmp != tmp_old) 
  13   1        {
  14   2          P0 = ~tmp;  // 点亮对应的LED灯
  15   2          P2 = P2 & 0x1F | 0x80;
  16   2          P2 &= 0x1F;
  17   2          tmp_old = tmp;  // 避免出现电流声
  18   2        }
  19   1      }


MODULE INFORMATION:   STATIC OVERLAYABLE
   CODE SIZE        =     59    ----
   CONSTANT SIZE    =   ----    ----
   XDATA SIZE       =   ----    ----
   PDATA SIZE       =   ----    ----
   DATA SIZE        =      2    ----
   IDATA SIZE       =   ----    ----
   BIT SIZE         =   ----    ----
END OF MODULE INFORMATION.


C51 COMPILATION COMPLETE.  0 WARNING(S),  0 ERROR(S)
