BL51 BANKED LINKER/LOCATER V6.22.2.0                                                    10/06/2023  19:22:41  PAGE 1


BL51 BANKED LINKER/LOCATER V6.22.2.0, INVOKED BY:
C:\KEIL_V5\C51\BIN\BL51.EXE .\Objects\STARTUP.obj, .\Objects\æÿ’Ûº¸≈Ãµƒª˘±æ≤Ÿ◊˜.obj TO .\Objects\æÿ’Ûº¸≈Ã PRINT (.\Listi
>> ngs\æÿ’Ûº¸≈Ã.m51) RAMSIZE (256)


MEMORY MODEL: SMALL


INPUT MODULES INCLUDED:
  .\Objects\STARTUP.obj (?C_STARTUP)
  .\Objects\æÿ’Ûº¸≈Ãµƒª˘±æ≤Ÿ◊˜.obj (__________________)


LINK MAP OF MODULE:  .\Objects\æÿ’Ûº¸≈Ã (?C_STARTUP)


            TYPE    BASE      LENGTH    RELOCATION   SEGMENT NAME
            -----------------------------------------------------

            * * * * * * *   D A T A   M E M O R Y   * * * * * * *
            REG     0000H     0008H     ABSOLUTE     "REG BANK 0"
            DATA    0008H     0001H     UNIT         ?DT?__________________
            IDATA   0009H     0001H     UNIT         ?STACK

            * * * * * * *   C O D E   M E M O R Y   * * * * * * *
            CODE    0000H     0003H     ABSOLUTE     
            CODE    0003H     00F5H     UNIT         ?PR?SCANKEYSMULTI?__________________
            CODE    00F8H     0033H     UNIT         ?PR?_HC138?__________________
            CODE    012BH     0018H     UNIT         ?PR?_DISPLAYKEYNUM?__________________
            CODE    0143H     0012H     UNIT         ?CO?__________________
            CODE    0155H     000CH     UNIT         ?C_C51STARTUP
            CODE    0161H     0005H     UNIT         ?PR?MAIN?__________________



OVERLAY MAP OF MODULE:   .\Objects\æÿ’Ûº¸≈Ã (?C_STARTUP)


SEGMENT
  +--> CALLED SEGMENT
---------------------
?C_C51STARTUP
  +--> ?PR?MAIN?__________________

?PR?MAIN?__________________
  +--> ?PR?SCANKEYSMULTI?__________________

?PR?SCANKEYSMULTI?__________________
  +--> ?PR?_DISPLAYKEYNUM?__________________

?PR?_DISPLAYKEYNUM?__________________
  +--> ?CO?__________________
  +--> ?PR?_HC138?__________________



SYMBOL TABLE OF MODULE:  .\Objects\æÿ’Ûº¸≈Ã (?C_STARTUP)

BL51 BANKED LINKER/LOCATER V6.22.2.0                                                  10/06/2023  19:22:41  PAGE 2


  VALUE           TYPE          NAME
  ----------------------------------

  -------         MODULE        ?C_STARTUP
  C:0155H         SEGMENT       ?C_C51STARTUP
  I:0009H         SEGMENT       ?STACK
  C:0000H         PUBLIC        ?C_STARTUP
  D:00E0H         SYMBOL        ACC
  D:00F0H         SYMBOL        B
  D:0083H         SYMBOL        DPH
  D:0082H         SYMBOL        DPL
  N:0000H         SYMBOL        IBPSTACK
  N:0100H         SYMBOL        IBPSTACKTOP
  N:0080H         SYMBOL        IDATALEN
  C:0158H         SYMBOL        IDATALOOP
  N:0000H         SYMBOL        PBPSTACK
  N:0100H         SYMBOL        PBPSTACKTOP
  N:0000H         SYMBOL        PDATALEN
  N:0000H         SYMBOL        PDATASTART
  N:0000H         SYMBOL        PPAGE
  N:0000H         SYMBOL        PPAGEENABLE
  D:00A0H         SYMBOL        PPAGE_SFR
  D:0081H         SYMBOL        SP
  C:0155H         SYMBOL        STARTUP1
  N:0000H         SYMBOL        XBPSTACK
  N:0000H         SYMBOL        XBPSTACKTOP
  N:0000H         SYMBOL        XDATALEN
  N:0000H         SYMBOL        XDATASTART
  C:0000H         LINE#         126
  C:0155H         LINE#         133
  C:0157H         LINE#         134
  C:0158H         LINE#         135
  C:0159H         LINE#         136
  C:015BH         LINE#         185
  C:015EH         LINE#         196
  -------         ENDMOD        ?C_STARTUP

  -------         MODULE        __________________
  C:0000H         SYMBOL        _ICE_DUMMY_
  D:0080H         PUBLIC        P0
  D:0090H         PUBLIC        P1
  D:00A0H         PUBLIC        P2
  B:00B0H.0       PUBLIC        R1
  D:00B0H         PUBLIC        P3
  B:00B0H.1       PUBLIC        R2
  D:00C0H         PUBLIC        P4
  B:00B0H.2       PUBLIC        R3
  B:00B0H.3       PUBLIC        R4
  D:00A8H         PUBLIC        IE
  D:00B8H         PUBLIC        IP
  C:0161H         PUBLIC        main
  C:00F8H         PUBLIC        _HC138
  D:0098H         PUBLIC        SCON
  C:0003H         PUBLIC        ScanKeysMulti
  D:0088H         PUBLIC        TCON
  C:0132H         PUBLIC        _DisplayKeyNum
  C:0143H         PUBLIC        SMG_duanma
BL51 BANKED LINKER/LOCATER V6.22.2.0                                                  10/06/2023  19:22:41  PAGE 3


  D:00C8H         PUBLIC        T2CON
  B:00C0H.4       PUBLIC        C1
  B:00C0H.2       PUBLIC        C2
  B:00B0H.5       PUBLIC        C3
  B:00B0H.4       PUBLIC        C4
  D:00D0H         PUBLIC        PSW
  D:0008H         PUBLIC        key_num
  -------         PROC          _HC138
  D:0007H         SYMBOL        channel
  C:00F8H         LINE#         27
  C:00F8H         LINE#         28
  C:00F8H         LINE#         29
  C:0107H         LINE#         30
  C:0107H         LINE#         31
  C:0107H         LINE#         32
  C:010FH         LINE#         33
  C:0110H         LINE#         34
  C:0110H         LINE#         35
  C:0118H         LINE#         36
  C:0119H         LINE#         37
  C:0119H         LINE#         38
  C:0121H         LINE#         39
  C:0122H         LINE#         40
  C:0122H         LINE#         41
  C:012AH         LINE#         42
  C:012AH         LINE#         43
  C:012AH         LINE#         44
  -------         ENDPROC       _HC138
  C:012BH         SYMBOL        L?0085
  -------         PROC          L?0084
  -------         ENDPROC       L?0084
  C:012BH         SYMBOL        L?0085
  -------         PROC          _DISPLAYKEYNUM
  D:0006H         SYMBOL        value
  C:0132H         LINE#         47
  C:0134H         LINE#         48
  C:0134H         LINE#         49
  C:0139H         LINE#         50
  C:013CH         LINE#         51
  C:0140H         LINE#         52
  C:0142H         LINE#         53
  -------         ENDPROC       _DISPLAYKEYNUM
  -------         PROC          SCANKEYSMULTI
  C:0003H         LINE#         58
  C:0003H         LINE#         59
  C:0003H         LINE#         61
  C:0005H         LINE#         62
  C:000BH         LINE#         64
  C:0013H         LINE#         66
  C:0016H         LINE#         67
  C:0016H         LINE#         69
  C:0019H         LINE#         70
  C:001CH         LINE#         72
  C:001CH         LINE#         73
  C:001EH         LINE#         74
  C:0021H         LINE#         75
  C:0021H         LINE#         76
BL51 BANKED LINKER/LOCATER V6.22.2.0                                                  10/06/2023  19:22:41  PAGE 4


  C:0024H         LINE#         77
  C:0027H         LINE#         78
  C:0027H         LINE#         79
  C:0029H         LINE#         80
  C:002CH         LINE#         81
  C:002CH         LINE#         82
  C:002FH         LINE#         83
  C:0032H         LINE#         84
  C:0032H         LINE#         85
  C:0034H         LINE#         86
  C:0037H         LINE#         87
  C:0037H         LINE#         88
  C:003AH         LINE#         89
  C:003DH         LINE#         90
  C:0040H         LINE#         91
  C:0040H         LINE#         94
  C:0042H         LINE#         95
  C:0048H         LINE#         96
  C:0050H         LINE#         97
  C:0053H         LINE#         98
  C:0053H         LINE#         99
  C:0056H         LINE#         100
  C:0059H         LINE#         101
  C:0059H         LINE#         102
  C:005BH         LINE#         103
  C:005EH         LINE#         104
  C:005EH         LINE#         105
  C:0061H         LINE#         106
  C:0064H         LINE#         107
  C:0064H         LINE#         108
  C:0066H         LINE#         109
  C:0069H         LINE#         110
  C:0069H         LINE#         111
  C:006CH         LINE#         112
  C:006FH         LINE#         113
  C:006FH         LINE#         114
  C:0071H         LINE#         115
  C:0074H         LINE#         116
  C:0074H         LINE#         117
  C:0077H         LINE#         118
  C:007AH         LINE#         119
  C:007DH         LINE#         120
  C:007DH         LINE#         123
  C:007FH         LINE#         124
  C:0085H         LINE#         125
  C:008DH         LINE#         126
  C:0090H         LINE#         127
  C:0090H         LINE#         128
  C:0093H         LINE#         129
  C:0096H         LINE#         130
  C:0096H         LINE#         131
  C:0098H         LINE#         132
  C:009BH         LINE#         133
  C:009BH         LINE#         134
  C:009EH         LINE#         135
  C:00A1H         LINE#         136
  C:00A1H         LINE#         137
BL51 BANKED LINKER/LOCATER V6.22.2.0                                                  10/06/2023  19:22:41  PAGE 5


  C:00A3H         LINE#         138
  C:00A6H         LINE#         139
  C:00A6H         LINE#         140
  C:00A9H         LINE#         141
  C:00ACH         LINE#         142
  C:00ACH         LINE#         143
  C:00AEH         LINE#         144
  C:00B1H         LINE#         145
  C:00B1H         LINE#         146
  C:00B4H         LINE#         147
  C:00B7H         LINE#         148
  C:00BAH         LINE#         149
  C:00BAH         LINE#         152
  C:00BCH         LINE#         153
  C:00C2H         LINE#         154
  C:00CAH         LINE#         155
  C:00CDH         LINE#         156
  C:00CDH         LINE#         157
  C:00D0H         LINE#         158
  C:00D3H         LINE#         159
  C:00D3H         LINE#         160
  C:00D5H         LINE#         161
  C:00D8H         LINE#         162
  C:00D8H         LINE#         163
  C:00DBH         LINE#         164
  C:00DEH         LINE#         165
  C:00DEH         LINE#         166
  C:00E0H         LINE#         167
  C:00E3H         LINE#         168
  C:00E3H         LINE#         169
  C:00E6H         LINE#         170
  C:00E9H         LINE#         171
  C:00E9H         LINE#         172
  C:00EBH         LINE#         173
  C:00EEH         LINE#         174
  C:00EEH         LINE#         175
  C:00F1H         LINE#         176
  C:00F4H         LINE#         177
  C:00F7H         LINE#         178
  C:00F7H         LINE#         179
  -------         ENDPROC       SCANKEYSMULTI
  -------         PROC          MAIN
  C:0161H         LINE#         181
  C:0161H         LINE#         182
  C:0161H         LINE#         183
  C:0161H         LINE#         184
  C:0161H         LINE#         185
  C:0164H         LINE#         186
  -------         ENDPROC       MAIN
  -------         ENDMOD        __________________

Program Size: data=10.0 xdata=0 code=358
LINK/LOCATE RUN COMPLETE.  0 WARNING(S),  0 ERROR(S)
