C51 COMPILER V9.60.0.0   SEG                                                               10/25/2023 19:14:28 PAGE 1   


C51 COMPILER V9.60.0.0, COMPILATION OF MODULE SEG
OBJECT MODULE PLACED IN .\Objects\Seg.obj
COMPILER INVOKED BY: C:\Keil_v5\C51\BIN\C51.EXE ..\Driver\Seg.c OPTIMIZE(8,SPEED) BROWSE INCDIR(..\Driver) DEBUG OBJECTE
                    -XTEND PRINT(.\Listings\Seg.lst) TABS(2) OBJECT(.\Objects\Seg.obj)

line level    source

   1          #include <SEG.H>
   2          
   3          // 0-9 10-Ï¨Ãð
   4          unsigned char code Seg_Duan[] = {0xC0, 0xF9, 0xA4, 0xB0, 0x99, 0x92, 0x82, 0xF8, 0x80, 0x90, 0xFF};
   5          unsigned char code Seg_Wei[] = {0x01, 0x02, 0x04, 0x08, 0x10, 0x20, 0x40, 0x80};
   6          
   7          void Seg_Disp(unsigned char wei, duan, point)
   8          {
   9   1        P0 = 0xFF;  // ÏûÓ°
  10   1        P2 = P2 & 0x1F | 0xE0;
  11   1        P2 &= 0x1F;
  12   1        
  13   1        P0 = Seg_Wei[wei];
  14   1        P2 = P2 & 0x1F | 0xC0;
  15   1        P2 &= 0x1F;
  16   1        
  17   1        if (point)
  18   1          P0 = Seg_Duan[duan] & 0x7F;
  19   1        else
  20   1          P0 = Seg_Duan[duan];
  21   1        P2 = P2 & 0x1F | 0xE0;
  22   1        P2 &= 0x1F;
  23   1      }


MODULE INFORMATION:   STATIC OVERLAYABLE
   CODE SIZE        =     80    ----
   CONSTANT SIZE    =     19    ----
   XDATA SIZE       =   ----    ----
   PDATA SIZE       =   ----    ----
   DATA SIZE        =   ----    ----
   IDATA SIZE       =   ----    ----
   BIT SIZE         =   ----    ----
END OF MODULE INFORMATION.


C51 COMPILATION COMPLETE.  0 WARNING(S),  0 ERROR(S)
