C51 COMPILER V9.60.0.0   LED                                                               10/15/2023 09:27:10 PAGE 1   


C51 COMPILER V9.60.0.0, COMPILATION OF MODULE LED
OBJECT MODULE PLACED IN .\Objects\LED.obj
COMPILER INVOKED BY: C:\Keil_v5\C51\BIN\C51.EXE LED.c OPTIMIZE(8,SPEED) BROWSE DEBUG OBJECTEXTEND PRINT(.\Listings\LED.l
                    -st) TABS(2) OBJECT(.\Objects\LED.obj)

line level    source

   1          #include <regx52.h>
   2          #define uchar unsigned char 
   3          #define uint unsigned int
   4            
   5          void HC138(uchar channel)
   6          {
   7   1        switch (channel)
   8   1        {
   9   2          case 4:
  10   2            P2 = (P2 & 0x1f) | 0x80;
  11   2          break;
  12   2          case 5:
  13   2            P2 = (P2 & 0x1f) | 0xa0;
  14   2          break;
  15   2          case 6:
  16   2            P2 = (P2 & 0x1f) | 0xc0;
  17   2          break;
  18   2          case 7:
  19   2            P2 = (P2 & 0x1f) | 0xe0;
  20   2          break;
  21   2        }
  22   1      }
  23          
  24          void Delay(uint t) 
  25          {
  26   1        while (t -- ) ;
  27   1        while (t -- ) ;
  28   1      }
  29          
  30          void LED_3()
  31          {
  32   1        int i;
  33   1        for (i = 0; i < 3; i ++ )
  34   1        {
  35   2          P0 = 0x00;
  36   2          Delay(60000);
  37   2          Delay(60000);
  38   2          P0 = 0xff;
  39   2          Delay(60000);
  40   2          Delay(60000);
  41   2        }
  42   1      }
  43          
  44          void LED() 
  45          {
  46   1        int i;
  47   1        LED_3();
  48   1        
  49   1        for (i = 0; i < 8; i ++ ) 
  50   1        {
  51   2          P0 = 0xfe << i;
  52   2          Delay(60000);
  53   2          Delay(60000);
  54   2        }
C51 COMPILER V9.60.0.0   LED                                                               10/15/2023 09:27:10 PAGE 2   

  55   1        
  56   1        for (i = 0; i < 8; i ++ )
  57   1        {
  58   2          P0 |= 0x01 << i;
  59   2          Delay(60000);
  60   2          Delay(60000);
  61   2        }
  62   1      }
  63          
  64          void main()
  65          {
  66   1        HC138(4);
  67   1        while(1)
  68   1        {
  69   2          LED();
  70   2        }
  71   1      }


MODULE INFORMATION:   STATIC OVERLAYABLE
   CODE SIZE        =    186    ----
   CONSTANT SIZE    =   ----    ----
   XDATA SIZE       =   ----    ----
   PDATA SIZE       =   ----    ----
   DATA SIZE        =   ----    ----
   IDATA SIZE       =   ----    ----
   BIT SIZE         =   ----    ----
END OF MODULE INFORMATION.


C51 COMPILATION COMPLETE.  0 WARNING(S),  0 ERROR(S)
