BL51 BANKED LINKER/LOCATER V6.22.2.0                                                    10/24/2023  16:16:39  PAGE 1


BL51 BANKED LINKER/LOCATER V6.22.2.0, INVOKED BY:
C:\KEIL_V5\C51\BIN\BL51.EXE .\Objects\STARTUP.obj, .\Objects\main.obj, .\Objects\LED.obj TO .\Objects\template PRINT (.\
>> Listings\template.m51) RAMSIZE (256)


MEMORY MODEL: SMALL


INPUT MODULES INCLUDED:
  .\Objects\STARTUP.obj (?C_STARTUP)
  .\Objects\main.obj (MAIN)
  .\Objects\LED.obj (LED)


LINK MAP OF MODULE:  .\Objects\template (?C_STARTUP)


            TYPE    BASE      LENGTH    RELOCATION   SEGMENT NAME
            -----------------------------------------------------

            * * * * * * *   D A T A   M E M O R Y   * * * * * * *
            REG     0000H     0008H     ABSOLUTE     "REG BANK 0"
            DATA    0008H     0004H     UNIT         ?DT?_F?MAIN
            IDATA   000CH     0001H     UNIT         ?STACK

            * * * * * * *   C O D E   M E M O R Y   * * * * * * *
            CODE    0000H     0003H     ABSOLUTE     
            CODE    0003H     000CH     UNIT         ?C_C51STARTUP
            CODE    000FH     0009H     UNIT         ?PR?_F?MAIN
            CODE    0018H     0009H     UNIT         ?PR?MAIN?MAIN
            CODE    0021H     0009H     UNIT         ?PR?_LED?LED



OVERLAY MAP OF MODULE:   .\Objects\template (?C_STARTUP)


SEGMENT
  +--> CALLED SEGMENT
---------------------
?C_C51STARTUP
  +--> ?PR?MAIN?MAIN

?PR?MAIN?MAIN
  +--> ?PR?_LED?LED



SYMBOL TABLE OF MODULE:  .\Objects\template (?C_STARTUP)

  VALUE           TYPE          NAME
  ----------------------------------

  -------         MODULE        ?C_STARTUP
  C:0003H         SEGMENT       ?C_C51STARTUP
  I:000CH         SEGMENT       ?STACK
  C:0000H         PUBLIC        ?C_STARTUP
  D:00E0H         SYMBOL        ACC
BL51 BANKED LINKER/LOCATER V6.22.2.0                                                  10/24/2023  16:16:39  PAGE 2


  D:00F0H         SYMBOL        B
  D:0083H         SYMBOL        DPH
  D:0082H         SYMBOL        DPL
  N:0000H         SYMBOL        IBPSTACK
  N:0100H         SYMBOL        IBPSTACKTOP
  N:0080H         SYMBOL        IDATALEN
  C:0006H         SYMBOL        IDATALOOP
  N:0000H         SYMBOL        PBPSTACK
  N:0100H         SYMBOL        PBPSTACKTOP
  N:0000H         SYMBOL        PDATALEN
  N:0000H         SYMBOL        PDATASTART
  N:0000H         SYMBOL        PPAGE
  N:0000H         SYMBOL        PPAGEENABLE
  D:00A0H         SYMBOL        PPAGE_SFR
  D:0081H         SYMBOL        SP
  C:0003H         SYMBOL        STARTUP1
  N:0000H         SYMBOL        XBPSTACK
  N:0000H         SYMBOL        XBPSTACKTOP
  N:0000H         SYMBOL        XDATALEN
  N:0000H         SYMBOL        XDATASTART
  C:0000H         LINE#         126
  C:0003H         LINE#         133
  C:0005H         LINE#         134
  C:0006H         LINE#         135
  C:0007H         LINE#         136
  C:0009H         LINE#         185
  C:000CH         LINE#         196
  -------         ENDMOD        ?C_STARTUP

  -------         MODULE        MAIN
  C:0000H         SYMBOL        _ICE_DUMMY_
  D:0080H         PUBLIC        P0
  D:0090H         PUBLIC        P1
  D:00A0H         PUBLIC        P2
  D:00B0H         PUBLIC        P3
  D:00C0H         PUBLIC        P4
  D:00C8H         PUBLIC        P5
  D:00E8H         PUBLIC        P6
  D:00F8H         PUBLIC        P7
  D:00A8H         PUBLIC        IE
  D:00B8H         PUBLIC        IP
  D:00D8H         PUBLIC        CCON
  C:0018H         PUBLIC        main
  D:0098H         PUBLIC        SCON
  D:0088H         PUBLIC        TCON
  C:000FH         PUBLIC        _f
  D:00D0H         PUBLIC        PSW
  -------         PROC          _F
  D:0008H         SYMBOL        a
  D:000AH         SYMBOL        b
  C:000FH         LINE#         5
  C:0017H         LINE#         7
  -------         ENDPROC       _F
  -------         PROC          MAIN
  C:0018H         LINE#         9
  C:0018H         LINE#         10
  C:0018H         LINE#         11
BL51 BANKED LINKER/LOCATER V6.22.2.0                                                  10/24/2023  16:16:39  PAGE 3


  C:0018H         LINE#         12
  C:0018H         LINE#         13
  C:001FH         LINE#         14
  -------         ENDPROC       MAIN
  -------         ENDMOD        MAIN

  -------         MODULE        LED
  C:0000H         SYMBOL        _ICE_DUMMY_
  D:0080H         PUBLIC        P0
  D:0090H         PUBLIC        P1
  D:00A0H         PUBLIC        P2
  D:00B0H         PUBLIC        P3
  D:00C0H         PUBLIC        P4
  D:00C8H         PUBLIC        P5
  D:00E8H         PUBLIC        P6
  D:00F8H         PUBLIC        P7
  D:00A8H         PUBLIC        IE
  D:00B8H         PUBLIC        IP
  D:00D8H         PUBLIC        CCON
  D:0098H         PUBLIC        SCON
  D:0088H         PUBLIC        TCON
  C:0021H         PUBLIC        _LED
  D:00D0H         PUBLIC        PSW
  -------         PROC          _LED
  D:0007H         SYMBOL        x
  D:0005H         SYMBOL        y
  C:0021H         LINE#         4
  C:0021H         LINE#         5
  C:0021H         LINE#         6
  C:0029H         LINE#         7
  C:0029H         LINE#         8
  C:0029H         LINE#         9
  -------         ENDPROC       _LED
  -------         ENDMOD        LED

*** WARNING L16: UNCALLED SEGMENT, IGNORED FOR OVERLAY PROCESS
    SEGMENT: ?PR?_F?MAIN

Program Size: data=13.0 xdata=0 code=42
LINK/LOCATE RUN COMPLETE.  1 WARNING(S),  0 ERROR(S)
