C51 COMPILER V9.60.0.0   KEY                                                               10/31/2023 21:57:45 PAGE 1   


C51 COMPILER V9.60.0.0, COMPILATION OF MODULE KEY
OBJECT MODULE PLACED IN .\Objects\Key.obj
COMPILER INVOKED BY: C:\Keil_v5\C51\BIN\C51.EXE ..\Driver\Key.c OPTIMIZE(8,SPEED) BROWSE INCDIR(..\Driver) DEBUG OBJECTE
                    -XTEND PRINT(.\Listings\Key.lst) TABS(2) OBJECT(.\Objects\Key.obj)

line level    source

   1          #include <KEY.H>
   2          #include <INIT.H>
   3          
   4          unsigned char Key_Read(unsigned char flag)
   5          {
   6   1        unsigned char Key_Now = 0;
   7   1        P44 = 0, P42 = 1, P35 = 1, P34 = 1;
   8   1        if (P33 == 0) Key_Now = 4;
   9   1        if (P32 == 0) Key_Now = 5;
  10   1        if (P31 == 0) Key_Now = 6;
  11   1        if (P30 == 0) Key_Now = 7;
  12   1        if (flag)
  13   1        {
  14   2          P44 = 1, P42 = 0, P35 = 1, P34 = 1;
  15   2          if (P33 == 0) Key_Now = 8;
  16   2          if (P32 == 0) Key_Now = 9;
  17   2          if (P31 == 0) Key_Now = 10;
  18   2          if (P30 == 0) Key_Now = 11;
  19   2          P44 = 1, P42 = 1, P35 = 0, P34 = 1;
  20   2          if (P33 == 0) Key_Now = 12;
  21   2          if (P32 == 0) Key_Now = 13;
  22   2          if (P31 == 0) Key_Now = 14;
  23   2          if (P30 == 0) Key_Now = 15;
  24   2          P44 = 1, P42 = 1, P35 = 1, P34 = 0;
  25   2          if (P33 == 0) Key_Now = 16;
  26   2          if (P32 == 0) Key_Now = 17;
  27   2          if (P31 == 0) Key_Now = 18;
  28   2          if (P30 == 0) Key_Now = 19;
  29   2        }
  30   1        return Key_Now;
  31   1      }


MODULE INFORMATION:   STATIC OVERLAYABLE
   CODE SIZE        =    120    ----
   CONSTANT SIZE    =   ----    ----
   XDATA SIZE       =   ----    ----
   PDATA SIZE       =   ----    ----
   DATA SIZE        =   ----    ----
   IDATA SIZE       =   ----    ----
   BIT SIZE         =   ----    ----
END OF MODULE INFORMATION.


C51 COMPILATION COMPLETE.  0 WARNING(S),  0 ERROR(S)
