C51 COMPILER V9.60.0.0   LED                                                               10/31/2023 21:57:45 PAGE 1   


C51 COMPILER V9.60.0.0, COMPILATION OF MODULE LED
OBJECT MODULE PLACED IN .\Objects\Led.obj
COMPILER INVOKED BY: C:\Keil_v5\C51\BIN\C51.EXE ..\Driver\Led.c OPTIMIZE(8,SPEED) BROWSE INCDIR(..\Driver) DEBUG OBJECTE
                    -XTEND PRINT(.\Listings\Led.lst) TABS(2) OBJECT(.\Objects\Led.obj)

line level    source

   1          #include <LED.H>
   2          #include <INIT.H>
   3          
   4          void Led_Disp(unsigned char pos, enable)
   5          {
   6   1        static unsigned char Led_Now = 0x00;
   7   1        static unsigned char Led_Old = 0xFF;
   8   1        
   9   1        if (enable) Led_Now |= (0x01 << pos);
  10   1        else Led_Now &= ~(0x01 << pos);
  11   1        
  12   1        if (Led_Now != Led_Old)
  13   1        {
  14   2          P0 = Led_Now;
  15   2          HC138(4);
  16   2          HC138(0);
  17   2          Led_Old = Led_Now;
  18   2        }
  19   1      }


MODULE INFORMATION:   STATIC OVERLAYABLE
   CODE SIZE        =     56    ----
   CONSTANT SIZE    =   ----    ----
   XDATA SIZE       =   ----    ----
   PDATA SIZE       =   ----    ----
   DATA SIZE        =      2    ----
   IDATA SIZE       =   ----    ----
   BIT SIZE         =   ----    ----
END OF MODULE INFORMATION.


C51 COMPILATION COMPLETE.  0 WARNING(S),  0 ERROR(S)
