C51 COMPILER V9.60.0.0   SEG                                                               10/31/2023 21:57:45 PAGE 1   


C51 COMPILER V9.60.0.0, COMPILATION OF MODULE SEG
OBJECT MODULE PLACED IN .\Objects\Seg.obj
COMPILER INVOKED BY: C:\Keil_v5\C51\BIN\C51.EXE ..\Driver\Seg.c OPTIMIZE(8,SPEED) BROWSE INCDIR(..\Driver) DEBUG OBJECTE
                    -XTEND PRINT(.\Listings\Seg.lst) TABS(2) OBJECT(.\Objects\Seg.obj)

line level    source

   1          #include <SEG.H>
   2          #include <INIT.H>
   3          
   4          code unsigned char Seg_Com[8] = {0x01, 0x02, 0x04, 0x08, 0x10, 0x20, 0x40, 0x80};  // 位码
   5          code unsigned char Seg_Num[12] = {0xC0, 0xF9, 0xA4, 0xB0, 0x99, 0x92, 0x82, 0xF8, 0x80, 0x90, 0xFF, 0xBF};
             -  // 段码
   6          
   7          void Seg_Disp(unsigned char com, num, point)
   8          {
   9   1        // 消影
  10   1        P0 = 0x00;
  11   1        HC138(7);
  12   1        HC138(0);
  13   1        
  14   1        // 位码
  15   1        P0 = Seg_Com[com];
  16   1        HC138(6);
  17   1        HC138(0);
  18   1        
  19   1        // 段码
  20   1        P0 = point ? Seg_Num[num] & 0x7F : Seg_Num[num];
  21   1        HC138(7);
  22   1        HC138(0);
  23   1      }


MODULE INFORMATION:   STATIC OVERLAYABLE
   CODE SIZE        =     93    ----
   CONSTANT SIZE    =     20    ----
   XDATA SIZE       =   ----    ----
   PDATA SIZE       =   ----    ----
   DATA SIZE        =   ----       5
   IDATA SIZE       =   ----    ----
   BIT SIZE         =   ----    ----
END OF MODULE INFORMATION.


C51 COMPILATION COMPLETE.  0 WARNING(S),  0 ERROR(S)
