C51 COMPILER V9.60.0.0   SEG                                                               10/27/2023 22:36:17 PAGE 1   


C51 COMPILER V9.60.0.0, COMPILATION OF MODULE SEG
OBJECT MODULE PLACED IN .\Objects\Seg.obj
COMPILER INVOKED BY: C:\Keil_v5\C51\BIN\C51.EXE ..\Driver\Seg.c OPTIMIZE(8,SPEED) BROWSE INCDIR(..\Driver) DEBUG OBJECTE
                    -XTEND PRINT(.\Listings\Seg.lst) TABS(2) OBJECT(.\Objects\Seg.obj)

line level    source

   1          #include <SEG.H>
   2          
   3          unsigned char Seg_com[8] = {0x01, 0x02, 0x04, 0x08, 0x10, 0x20, 0x40, 0x80};
   4          unsigned char Seg_num[] = {0xC0, 0xF9, 0xA4, 0xB0, 0x99, 0x92, 0x82, 0xF8, 0x80, 0x90, 0xFF};
   5          
   6          void Seg_Disp(unsigned char com, num, point) 
   7          {
   8   1        // 消影
   9   1        P0 = 0x00;
  10   1        P2 = P2 & 0x1F | 0xE0;
  11   1        P2 &= 0x1F;
  12   1        
  13   1        // 段选
  14   1        P0 = Seg_com[com];
  15   1        P2 = P2 & 0x1F | 0xC0;
  16   1        P2 &= 0x1F;
  17   1        
  18   1        // 位选
  19   1        P0 = point ? Seg_num[num] & 0x7F : Seg_num[num];
  20   1        P2 = P2 & 0x1F | 0xE0;
  21   1        P2 &= 0x1F;
  22   1      }


MODULE INFORMATION:   STATIC OVERLAYABLE
   CODE SIZE        =     66    ----
   CONSTANT SIZE    =   ----    ----
   XDATA SIZE       =   ----    ----
   PDATA SIZE       =   ----    ----
   DATA SIZE        =     19    ----
   IDATA SIZE       =   ----    ----
   BIT SIZE         =   ----    ----
END OF MODULE INFORMATION.


C51 COMPILATION COMPLETE.  0 WARNING(S),  0 ERROR(S)
