C51 COMPILER V9.60.0.0   MAIN                                                              11/12/2023 15:36:26 PAGE 1   


C51 COMPILER V9.60.0.0, COMPILATION OF MODULE MAIN
OBJECT MODULE PLACED IN .\Objects\main.obj
COMPILER INVOKED BY: C:\Keil_v5\C51\BIN\C51.EXE main.c OPTIMIZE(8,SPEED) BROWSE DEBUG OBJECTEXTEND PRINT(.\Listings\main
                    -.lst) TABS(2) OBJECT(.\Objects\main.obj)

line level    source

   1          #include <STC15F2K60S2.H>
   2          
   3          unsigned char Seg_Tab[] = {0xc0, 0xf9, 0xa4, 0xb0, 0x99, 0x92, 0x82, 0xf8, 0x80, 0x90, 0xff};
   4          unsigned char Seg_Buf[8];
   5          
   6          void Seg_Buf_Change(unsigned char _0, _1, _2, _3, _4, _5, _6, _7)
   7          {
   8   1        Seg_Buf[0] = _0;
   9   1        Seg_Buf[1] = _1;
  10   1        Seg_Buf[2] = _2;
  11   1        Seg_Buf[3] = _3;
  12   1        Seg_Buf[4] = _4;
  13   1        Seg_Buf[5] = _5;
  14   1        Seg_Buf[6] = _6;
  15   1        Seg_Buf[7] = _7;
  16   1      }
  17          
  18          void disp()
  19          {
  20   1        static unsigned char Seg_Pos = 0;
  21   1        P2 = P2 & 0x1F;
  22   1        P0 = 0xFF;
  23   1        P2 = (P2 & 0x1F) | 0xC0;
  24   1        P0 = 1 << Seg_Pos;
  25   1        P2 = (P2 & 0x1F) | 0xE0;
  26   1        P0 = Seg_Buf[Seg_Pos];
  27   1        Seg_Pos = (Seg_Pos + 1) % 8;
  28   1      }
  29            
  30          void Timer0_Isr() interrupt 1
  31          {
  32   1        disp();
  33   1      }
  34          
  35          void Timer0_Init()    //2毫秒@12.000MHz
  36          {
  37   1        AUXR |= 0x80;     //定时器时钟1T模式
  38   1        TMOD &= 0xF0;     //设置定时器模式
  39   1        TL0 = 0x40;       //设置定时初始值
  40   1        TH0 = 0xA2;       //设置定时初始值
  41   1        TF0 = 0;        //清除TF0标志
  42   1        TR0 = 1;        //定时器0开始计时
  43   1        ET0 = 1;        //使能定时器0中断
  44   1        EA = 1;
  45   1      }
  46          
  47          void main()
  48          {
  49   1        Timer0_Init();
  50   1        Seg_Buf_Change(Seg_Tab[8], Seg_Tab[7], Seg_Tab[6], Seg_Tab[5], Seg_Tab[4], Seg_Tab[3], Seg_Tab[2], Seg_Ta
             -b[1]);
  51   1        while (1)
  52   1        {
  53   2          ;
C51 COMPILER V9.60.0.0   MAIN                                                              11/12/2023 15:36:26 PAGE 2   

  54   2        }
  55   1      }


MODULE INFORMATION:   STATIC OVERLAYABLE
   CODE SIZE        =    169    ----
   CONSTANT SIZE    =   ----    ----
   XDATA SIZE       =   ----    ----
   PDATA SIZE       =   ----    ----
   DATA SIZE        =     20      15
   IDATA SIZE       =   ----    ----
   BIT SIZE         =   ----    ----
END OF MODULE INFORMATION.


C51 COMPILATION COMPLETE.  0 WARNING(S),  0 ERROR(S)
